31.183.130.165 - - [01/May/2025:23:37:20 +0300] "GET /login/ HTTP/1.1" 200 961 "http://193.219.91.103:12802/login/" "Mozilla/5.0 (Windows NT 10.0; Win64; x64) AppleWebKit/537.36 (KHTML, like Gecko) Chrome/133.0.0.0 Safari/537.36 OPR/118.0.0.0"
90.131.35.51 - - [01/May/2025:23:37:20 +0300] "GET /records/add/ HTTP/1.1" 200 1102 "http://193.219.91.103:12802/dashboard/" "Mozilla/5.0 (Windows NT 10.0; Win64; x64) AppleWebKit/537.36 (KHTML, like Gecko) Chrome/135.0.0.0 Safari/537.36"
31.183.130.165 - - [01/May/2025:23:37:35 +0300] "POST /login/ HTTP/1.1" 302 538 "http://193.219.91.103:12802/login/" "Mozilla/5.0 (Windows NT 10.0; Win64; x64) AppleWebKit/537.36 (KHTML, like Gecko) Chrome/133.0.0.0 Safari/537.36 OPR/118.0.0.0"
31.183.130.165 - - [01/May/2025:23:37:37 +0300] "GET /login/ HTTP/1.1" 200 1107 "http://193.219.91.103:12802/login/" "Mozilla/5.0 (Windows NT 10.0; Win64; x64) AppleWebKit/537.36 (KHTML, like Gecko) Chrome/133.0.0.0 Safari/537.36 OPR/118.0.0.0"
90.131.35.51 - - [01/May/2025:23:37:42 +0300] "POST /records/add/ HTTP/1.1" 302 555 "http://193.219.91.103:12802/records/add/" "Mozilla/5.0 (Windows NT 10.0; Win64; x64) AppleWebKit/537.36 (KHTML, like Gecko) Chrome/135.0.0.0 Safari/537.36"
90.131.35.51 - - [01/May/2025:23:37:43 +0300] "GET /dashboard/ HTTP/1.1" 200 1970 "http://193.219.91.103:12802/records/add/" "Mozilla/5.0 (Windows NT 10.0; Win64; x64) AppleWebKit/537.36 (KHTML, like Gecko) Chrome/135.0.0.0 Safari/537.36"
31.183.130.165 - - [01/May/2025:23:38:01 +0300] "GET /signup/ HTTP/1.1" 200 1004 "http://193.219.91.103:12802/login/" "Mozilla/5.0 (Windows NT 10.0; Win64; x64) AppleWebKit/537.36 (KHTML, like Gecko) Chrome/133.0.0.0 Safari/537.36 OPR/118.0.0.0"
31.183.130.165 - - [01/May/2025:23:38:09 +0300] "POST /signup/ HTTP/1.1" 302 538 "http://193.219.91.103:12802/signup/" "Mozilla/5.0 (Windows NT 10.0; Win64; x64) AppleWebKit/537.36 (KHTML, like Gecko) Chrome/133.0.0.0 Safari/537.36 OPR/118.0.0.0"
31.183.130.165 - - [01/May/2025:23:38:11 +0300] "GET /login/ HTTP/1.1" 200 1114 "http://193.219.91.103:12802/signup/" "Mozilla/5.0 (Windows NT 10.0; Win64; x64) AppleWebKit/537.36 (KHTML, like Gecko) Chrome/133.0.0.0 Safari/537.36 OPR/118.0.0.0"
31.183.130.165 - - [01/May/2025:23:38:14 +0300] "POST /login/ HTTP/1.1" 302 826 "http://193.219.91.103:12802/login/" "Mozilla/5.0 (Windows NT 10.0; Win64; x64) AppleWebKit/537.36 (KHTML, like Gecko) Chrome/133.0.0.0 Safari/537.36 OPR/118.0.0.0"
31.183.130.165 - - [01/May/2025:23:38:17 +0300] "GET /dashboard/ HTTP/1.1" 200 1670 "http://193.219.91.103:12802/login/" "Mozilla/5.0 (Windows NT 10.0; Win64; x64) AppleWebKit/537.36 (KHTML, like Gecko) Chrome/133.0.0.0 Safari/537.36 OPR/118.0.0.0"
31.183.130.165 - - [01/May/2025:23:38:19 +0300] "GET /records/add/ HTTP/1.1" 200 1102 "http://193.219.91.103:12802/dashboard/" "Mozilla/5.0 (Windows NT 10.0; Win64; x64) AppleWebKit/537.36 (KHTML, like Gecko) Chrome/133.0.0.0 Safari/537.36 OPR/118.0.0.0"
90.131.35.51 - - [01/May/2025:23:38:34 +0300] "-" 408 0 "-" "-"
31.183.130.165 - - [01/May/2025:23:38:56 +0300] "POST /records/add/ HTTP/1.1" 500 237433 "http://193.219.91.103:12802/records/add/" "Mozilla/5.0 (Windows NT 10.0; Win64; x64) AppleWebKit/537.36 (KHTML, like Gecko) Chrome/133.0.0.0 Safari/537.36 OPR/118.0.0.0"
31.183.130.165 - - [01/May/2025:23:39:35 +0300] "POST /records/add/ HTTP/1.1" 500 209353 "http://193.219.91.103:12802/records/add/" "Mozilla/5.0 (Windows NT 10.0; Win64; x64) AppleWebKit/537.36 (KHTML, like Gecko) Chrome/133.0.0.0 Safari/537.36 OPR/118.0.0.0"
31.183.130.165 - - [01/May/2025:23:39:44 +0300] "POST /records/add/ HTTP/1.1" 302 555 "http://193.219.91.103:12802/records/add/" "Mozilla/5.0 (Windows NT 10.0; Win64; x64) AppleWebKit/537.36 (KHTML, like Gecko) Chrome/133.0.0.0 Safari/537.36 OPR/118.0.0.0"
31.183.130.165 - - [01/May/2025:23:39:44 +0300] "GET /dashboard/ HTTP/1.1" 200 1956 "http://193.219.91.103:12802/records/add/" "Mozilla/5.0 (Windows NT 10.0; Win64; x64) AppleWebKit/537.36 (KHTML, like Gecko) Chrome/133.0.0.0 Safari/537.36 OPR/118.0.0.0"
90.131.35.51 - - [01/May/2025:23:40:02 +0300] "GET /dashboard/ HTTP/1.1" 200 1827 "http://193.219.91.103:12802/records/add/" "Mozilla/5.0 (Windows NT 10.0; Win64; x64) AppleWebKit/537.36 (KHTML, like Gecko) Chrome/135.0.0.0 Safari/537.36"
31.183.130.165 - - [01/May/2025:23:40:11 +0300] "GET /records/add/ HTTP/1.1" 200 1062 "http://193.219.91.103:12802/dashboard/" "Mozilla/5.0 (Windows NT 10.0; Win64; x64) AppleWebKit/537.36 (KHTML, like Gecko) Chrome/133.0.0.0 Safari/537.36 OPR/118.0.0.0"
90.131.35.51 - - [01/May/2025:23:40:21 +0300] "GET /dashboard/ HTTP/1.1" 200 1827 "http://193.219.91.103:12802/records/add/" "Mozilla/5.0 (Windows NT 10.0; Win64; x64) AppleWebKit/537.36 (KHTML, like Gecko) Chrome/135.0.0.0 Safari/537.36"
31.183.130.165 - - [01/May/2025:23:40:21 +0300] "POST /records/add/ HTTP/1.1" 302 555 "http://193.219.91.103:12802/records/add/" "Mozilla/5.0 (Windows NT 10.0; Win64; x64) AppleWebKit/537.36 (KHTML, like Gecko) Chrome/133.0.0.0 Safari/537.36 OPR/118.0.0.0"
90.131.35.51 - - [01/May/2025:23:40:52 +0300] "GET /dashboard/ HTTP/1.1" 200 1827 "http://193.219.91.103:12802/records/add/" "Mozilla/5.0 (Windows NT 10.0; Win64; x64) AppleWebKit/537.36 (KHTML, like Gecko) Chrome/135.0.0.0 Safari/537.36"
31.183.130.165 - - [01/May/2025:23:41:00 +0300] "GET / HTTP/1.1" 200 877 "-" "Mozilla/5.0 (Windows NT 10.0; Win64; x64) AppleWebKit/537.36 (KHTML, like Gecko) Chrome/133.0.0.0 Safari/537.36 OPR/118.0.0.0"
31.183.130.165 - - [01/May/2025:23:41:01 +0300] "GET /signup/ HTTP/1.1" 200 1008 "http://193.219.91.103:12802/" "Mozilla/5.0 (Windows NT 10.0; Win64; x64) AppleWebKit/537.36 (KHTML, like Gecko) Chrome/133.0.0.0 Safari/537.36 OPR/118.0.0.0"
31.183.130.165 - - [01/May/2025:23:41:03 +0300] "GET /login/ HTTP/1.1" 200 961 "http://193.219.91.103:12802/signup/" "Mozilla/5.0 (Windows NT 10.0; Win64; x64) AppleWebKit/537.36 (KHTML, like Gecko) Chrome/133.0.0.0 Safari/537.36 OPR/118.0.0.0"
31.183.130.165 - - [01/May/2025:23:41:08 +0300] "POST /login/ HTTP/1.1" 302 827 "http://193.219.91.103:12802/login/" "Mozilla/5.0 (Windows NT 10.0; Win64; x64) AppleWebKit/537.36 (KHTML, like Gecko) Chrome/133.0.0.0 Safari/537.36 OPR/118.0.0.0"
31.183.130.165 - - [01/May/2025:23:41:10 +0300] "POST /login/ HTTP/1.1" 302 827 "http://193.219.91.103:12802/login/" "Mozilla/5.0 (Windows NT 10.0; Win64; x64) AppleWebKit/537.36 (KHTML, like Gecko) Chrome/133.0.0.0 Safari/537.36 OPR/118.0.0.0"
90.131.35.51 - - [01/May/2025:23:41:33 +0300] "GET / HTTP/1.1" 200 877 "-" "Mozilla/5.0 (Windows NT 10.0; Win64; x64) AppleWebKit/537.36 (KHTML, like Gecko) Chrome/135.0.0.0 Safari/537.36"
31.183.130.165 - - [01/May/2025:23:41:34 +0300] "GET /dashboard/ HTTP/1.1" 200 2001 "http://193.219.91.103:12802/login/" "Mozilla/5.0 (Windows NT 10.0; Win64; x64) AppleWebKit/537.36 (KHTML, like Gecko) Chrome/133.0.0.0 Safari/537.36 OPR/118.0.0.0"
31.183.130.165 - - [01/May/2025:23:42:24 +0300] "GET /records/add/ HTTP/1.1" 200 1105 "http://193.219.91.103:12802/dashboard/" "Mozilla/5.0 (Windows NT 10.0; Win64; x64) AppleWebKit/537.36 (KHTML, like Gecko) Chrome/133.0.0.0 Safari/537.36 OPR/118.0.0.0"
31.183.130.165 - - [01/May/2025:23:42:32 +0300] "POST /records/add/ HTTP/1.1" 302 555 "http://193.219.91.103:12802/records/add/" "Mozilla/5.0 (Windows NT 10.0; Win64; x64) AppleWebKit/537.36 (KHTML, like Gecko) Chrome/133.0.0.0 Safari/537.36 OPR/118.0.0.0"
31.183.130.165 - - [01/May/2025:23:42:43 +0300] "GET /dashboard/ HTTP/1.1" 200 2058 "http://193.219.91.103:12802/records/add/" "Mozilla/5.0 (Windows NT 10.0; Win64; x64) AppleWebKit/537.36 (KHTML, like Gecko) Chrome/133.0.0.0 Safari/537.36 OPR/118.0.0.0"
31.183.130.165 - - [01/May/2025:23:42:44 +0300] "GET /dashboard/ HTTP/1.1" 200 1911 "http://193.219.91.103:12802/records/add/" "Mozilla/5.0 (Windows NT 10.0; Win64; x64) AppleWebKit/537.36 (KHTML, like Gecko) Chrome/133.0.0.0 Safari/537.36 OPR/118.0.0.0"
31.183.130.165 - - [01/May/2025:23:42:49 +0300] "GET /records/add/ HTTP/1.1" 200 1102 "http://193.219.91.103:12802/dashboard/" "Mozilla/5.0 (Windows NT 10.0; Win64; x64) AppleWebKit/537.36 (KHTML, like Gecko) Chrome/133.0.0.0 Safari/537.36 OPR/118.0.0.0"
31.183.130.165 - - [01/May/2025:23:42:57 +0300] "POST /records/add/ HTTP/1.1" 302 555 "http://193.219.91.103:12802/records/add/" "Mozilla/5.0 (Windows NT 10.0; Win64; x64) AppleWebKit/537.36 (KHTML, like Gecko) Chrome/133.0.0.0 Safari/537.36 OPR/118.0.0.0"
31.183.130.165 - - [01/May/2025:23:42:57 +0300] "GET /dashboard/ HTTP/1.1" 200 2073 "http://193.219.91.103:12802/records/add/" "Mozilla/5.0 (Windows NT 10.0; Win64; x64) AppleWebKit/537.36 (KHTML, like Gecko) Chrome/133.0.0.0 Safari/537.36 OPR/118.0.0.0"
31.183.130.165 - - [01/May/2025:23:43:16 +0300] "GET /records/add/ HTTP/1.1" 200 1105 "http://193.219.91.103:12802/dashboard/" "Mozilla/5.0 (Windows NT 10.0; Win64; x64) AppleWebKit/537.36 (KHTML, like Gecko) Chrome/133.0.0.0 Safari/537.36 OPR/118.0.0.0"
31.183.130.165 - - [01/May/2025:23:43:23 +0300] "POST /records/add/ HTTP/1.1" 302 555 "http://193.219.91.103:12802/records/add/" "Mozilla/5.0 (Windows NT 10.0; Win64; x64) AppleWebKit/537.36 (KHTML, like Gecko) Chrome/133.0.0.0 Safari/537.36 OPR/118.0.0.0"
31.183.130.165 - - [01/May/2025:23:43:23 +0300] "GET /dashboard/ HTTP/1.1" 200 2099 "http://193.219.91.103:12802/records/add/" "Mozilla/5.0 (Windows NT 10.0; Win64; x64) AppleWebKit/537.36 (KHTML, like Gecko) Chrome/133.0.0.0 Safari/537.36 OPR/118.0.0.0"
31.183.130.165 - - [01/May/2025:23:43:52 +0300] "GET /dashboard/ HTTP/1.1" 200 1954 "http://193.219.91.103:12802/records/add/" "Mozilla/5.0 (Windows NT 10.0; Win64; x64) AppleWebKit/537.36 (KHTML, like Gecko) Chrome/133.0.0.0 Safari/537.36 OPR/118.0.0.0"
31.183.130.165 - - [01/May/2025:23:44:26 +0300] "GET /records/add/ HTTP/1.1" 200 1100 "http://193.219.91.103:12802/dashboard/" "Mozilla/5.0 (Windows NT 10.0; Win64; x64) AppleWebKit/537.36 (KHTML, like Gecko) Chrome/133.0.0.0 Safari/537.36 OPR/118.0.0.0"
31.183.130.165 - - [01/May/2025:23:44:33 +0300] "POST /records/add/ HTTP/1.1" 302 555 "http://193.219.91.103:12802/records/add/" "Mozilla/5.0 (Windows NT 10.0; Win64; x64) AppleWebKit/537.36 (KHTML, like Gecko) Chrome/133.0.0.0 Safari/537.36 OPR/118.0.0.0"
31.183.130.165 - - [01/May/2025:23:44:33 +0300] "GET /dashboard/ HTTP/1.1" 200 2325 "http://193.219.91.103:12802/records/add/" "Mozilla/5.0 (Windows NT 10.0; Win64; x64) AppleWebKit/537.36 (KHTML, like Gecko) Chrome/133.0.0.0 Safari/537.36 OPR/118.0.0.0"
31.183.130.165 - - [01/May/2025:23:44:44 +0300] "GET /records/add/ HTTP/1.1" 200 1103 "http://193.219.91.103:12802/dashboard/" "Mozilla/5.0 (Windows NT 10.0; Win64; x64) AppleWebKit/537.36 (KHTML, like Gecko) Chrome/133.0.0.0 Safari/537.36 OPR/118.0.0.0"
31.183.130.165 - - [01/May/2025:23:44:56 +0300] "POST /records/add/ HTTP/1.1" 302 555 "http://193.219.91.103:12802/records/add/" "Mozilla/5.0 (Windows NT 10.0; Win64; x64) AppleWebKit/537.36 (KHTML, like Gecko) Chrome/133.0.0.0 Safari/537.36 OPR/118.0.0.0"
31.183.130.165 - - [01/May/2025:23:44:56 +0300] "GET /dashboard/ HTTP/1.1" 200 2361 "http://193.219.91.103:12802/records/add/" "Mozilla/5.0 (Windows NT 10.0; Win64; x64) AppleWebKit/537.36 (KHTML, like Gecko) Chrome/133.0.0.0 Safari/537.36 OPR/118.0.0.0"
90.131.35.51 - - [01/May/2025:23:45:01 +0300] "GET / HTTP/1.1" 200 877 "-" "Mozilla/5.0 (Windows NT 10.0; Win64; x64) AppleWebKit/537.36 (KHTML, like Gecko) Chrome/135.0.0.0 Safari/537.36"
90.131.35.51 - - [01/May/2025:23:45:52 +0300] "-" 408 0 "-" "-"
31.183.130.165 - - [01/May/2025:23:46:01 +0300] "GET /records/add/ HTTP/1.1" 200 1104 "http://193.219.91.103:12802/dashboard/" "Mozilla/5.0 (Windows NT 10.0; Win64; x64) AppleWebKit/537.36 (KHTML, like Gecko) Chrome/133.0.0.0 Safari/537.36 OPR/118.0.0.0"
31.183.130.165 - - [01/May/2025:23:46:27 +0300] "POST /records/add/ HTTP/1.1" 302 555 "http://193.219.91.103:12802/records/add/" "Mozilla/5.0 (Windows NT 10.0; Win64; x64) AppleWebKit/537.36 (KHTML, like Gecko) Chrome/133.0.0.0 Safari/537.36 OPR/118.0.0.0"
31.183.130.165 - - [01/May/2025:23:46:28 +0300] "GET /dashboard/ HTTP/1.1" 200 2410 "http://193.219.91.103:12802/records/add/" "Mozilla/5.0 (Windows NT 10.0; Win64; x64) AppleWebKit/537.36 (KHTML, like Gecko) Chrome/133.0.0.0 Safari/537.36 OPR/118.0.0.0"
31.183.130.165 - - [01/May/2025:23:46:53 +0300] "GET /dashboard/ HTTP/1.1" 200 2308 "http://193.219.91.103:12802/records/add/" "Mozilla/5.0 (Windows NT 10.0; Win64; x64) AppleWebKit/537.36 (KHTML, like Gecko) Chrome/133.0.0.0 Safari/537.36 OPR/118.0.0.0"
31.183.130.165 - - [01/May/2025:23:47:23 +0300] "GET /records/add/ HTTP/1.1" 200 1104 "http://193.219.91.103:12802/dashboard/" "Mozilla/5.0 (Windows NT 10.0; Win64; x64) AppleWebKit/537.36 (KHTML, like Gecko) Chrome/133.0.0.0 Safari/537.36 OPR/118.0.0.0"
31.183.130.165 - - [01/May/2025:23:47:34 +0300] "POST /records/add/ HTTP/1.1" 302 555 "http://193.219.91.103:12802/records/add/" "Mozilla/5.0 (Windows NT 10.0; Win64; x64) AppleWebKit/537.36 (KHTML, like Gecko) Chrome/133.0.0.0 Safari/537.36 OPR/118.0.0.0"
31.183.130.165 - - [01/May/2025:23:47:34 +0300] "GET /dashboard/ HTTP/1.1" 200 2472 "http://193.219.91.103:12802/records/add/" "Mozilla/5.0 (Windows NT 10.0; Win64; x64) AppleWebKit/537.36 (KHTML, like Gecko) Chrome/133.0.0.0 Safari/537.36 OPR/118.0.0.0"
31.183.130.165 - - [01/May/2025:23:47:41 +0300] "GET /records/add/ HTTP/1.1" 200 1103 "http://193.219.91.103:12802/dashboard/" "Mozilla/5.0 (Windows NT 10.0; Win64; x64) AppleWebKit/537.36 (KHTML, like Gecko) Chrome/133.0.0.0 Safari/537.36 OPR/118.0.0.0"
31.183.130.165 - - [01/May/2025:23:47:48 +0300] "POST /records/add/ HTTP/1.1" 500 238251 "http://193.219.91.103:12802/records/add/" "Mozilla/5.0 (Windows NT 10.0; Win64; x64) AppleWebKit/537.36 (KHTML, like Gecko) Chrome/133.0.0.0 Safari/537.36 OPR/118.0.0.0"
31.183.130.165 - - [01/May/2025:23:47:55 +0300] "POST /records/add/ HTTP/1.1" 302 555 "http://193.219.91.103:12802/records/add/" "Mozilla/5.0 (Windows NT 10.0; Win64; x64) AppleWebKit/537.36 (KHTML, like Gecko) Chrome/133.0.0.0 Safari/537.36 OPR/118.0.0.0"
31.183.130.165 - - [01/May/2025:23:47:55 +0300] "GET /dashboard/ HTTP/1.1" 200 2492 "http://193.219.91.103:12802/records/add/" "Mozilla/5.0 (Windows NT 10.0; Win64; x64) AppleWebKit/537.36 (KHTML, like Gecko) Chrome/133.0.0.0 Safari/537.36 OPR/118.0.0.0"
31.183.130.165 - - [01/May/2025:23:48:06 +0300] "GET /records/add/ HTTP/1.1" 200 1102 "http://193.219.91.103:12802/dashboard/" "Mozilla/5.0 (Windows NT 10.0; Win64; x64) AppleWebKit/537.36 (KHTML, like Gecko) Chrome/133.0.0.0 Safari/537.36 OPR/118.0.0.0"
31.183.130.165 - - [01/May/2025:23:49:57 +0300] "POST /records/add/ HTTP/1.1" 302 555 "http://193.219.91.103:12802/records/add/" "Mozilla/5.0 (Windows NT 10.0; Win64; x64) AppleWebKit/537.36 (KHTML, like Gecko) Chrome/133.0.0.0 Safari/537.36 OPR/118.0.0.0"
31.183.130.165 - - [01/May/2025:23:49:57 +0300] "GET /dashboard/ HTTP/1.1" 200 2527 "http://193.219.91.103:12802/records/add/" "Mozilla/5.0 (Windows NT 10.0; Win64; x64) AppleWebKit/537.36 (KHTML, like Gecko) Chrome/133.0.0.0 Safari/537.36 OPR/118.0.0.0"
31.183.130.165 - - [01/May/2025:23:50:04 +0300] "GET /records/add/ HTTP/1.1" 200 1103 "http://193.219.91.103:12802/dashboard/" "Mozilla/5.0 (Windows NT 10.0; Win64; x64) AppleWebKit/537.36 (KHTML, like Gecko) Chrome/133.0.0.0 Safari/537.36 OPR/118.0.0.0"
31.183.130.165 - - [01/May/2025:23:50:15 +0300] "POST /records/add/ HTTP/1.1" 302 555 "http://193.219.91.103:12802/records/add/" "Mozilla/5.0 (Windows NT 10.0; Win64; x64) AppleWebKit/537.36 (KHTML, like Gecko) Chrome/133.0.0.0 Safari/537.36 OPR/118.0.0.0"
31.183.130.165 - - [01/May/2025:23:50:15 +0300] "GET /dashboard/ HTTP/1.1" 200 2557 "http://193.219.91.103:12802/records/add/" "Mozilla/5.0 (Windows NT 10.0; Win64; x64) AppleWebKit/537.36 (KHTML, like Gecko) Chrome/133.0.0.0 Safari/537.36 OPR/118.0.0.0"
31.183.130.165 - - [01/May/2025:23:50:21 +0300] "GET /records/add/ HTTP/1.1" 200 1104 "http://193.219.91.103:12802/dashboard/" "Mozilla/5.0 (Windows NT 10.0; Win64; x64) AppleWebKit/537.36 (KHTML, like Gecko) Chrome/133.0.0.0 Safari/537.36 OPR/118.0.0.0"
31.183.130.165 - - [01/May/2025:23:50:27 +0300] "POST /records/add/ HTTP/1.1" 302 555 "http://193.219.91.103:12802/records/add/" "Mozilla/5.0 (Windows NT 10.0; Win64; x64) AppleWebKit/537.36 (KHTML, like Gecko) Chrome/133.0.0.0 Safari/537.36 OPR/118.0.0.0"
31.183.130.165 - - [01/May/2025:23:50:27 +0300] "GET /dashboard/ HTTP/1.1" 200 2577 "http://193.219.91.103:12802/records/add/" "Mozilla/5.0 (Windows NT 10.0; Win64; x64) AppleWebKit/537.36 (KHTML, like Gecko) Chrome/133.0.0.0 Safari/537.36 OPR/118.0.0.0"
31.183.130.165 - - [01/May/2025:23:50:39 +0300] "GET /records/add/ HTTP/1.1" 200 1145 "http://193.219.91.103:12802/dashboard/" "Mozilla/5.0 (Windows NT 10.0; Win64; x64) AppleWebKit/537.36 (KHTML, like Gecko) Chrome/133.0.0.0 Safari/537.36 OPR/118.0.0.0"
31.183.130.165 - - [01/May/2025:23:51:53 +0300] "POST /records/add/ HTTP/1.1" 302 555 "http://193.219.91.103:12802/records/add/" "Mozilla/5.0 (Windows NT 10.0; Win64; x64) AppleWebKit/537.36 (KHTML, like Gecko) Chrome/133.0.0.0 Safari/537.36 OPR/118.0.0.0"
31.183.130.165 - - [01/May/2025:23:51:53 +0300] "GET /dashboard/ HTTP/1.1" 200 2594 "http://193.219.91.103:12802/records/add/" "Mozilla/5.0 (Windows NT 10.0; Win64; x64) AppleWebKit/537.36 (KHTML, like Gecko) Chrome/133.0.0.0 Safari/537.36 OPR/118.0.0.0"
31.183.130.165 - - [01/May/2025:23:52:10 +0300] "GET /records/add/ HTTP/1.1" 200 1146 "http://193.219.91.103:12802/dashboard/" "Mozilla/5.0 (Windows NT 10.0; Win64; x64) AppleWebKit/537.36 (KHTML, like Gecko) Chrome/133.0.0.0 Safari/537.36 OPR/118.0.0.0"
90.131.35.51 - - [01/May/2025:23:52:24 +0300] "GET /admin/ HTTP/1.1" 302 497 "-" "Mozilla/5.0 (Windows NT 10.0; Win64; x64) AppleWebKit/537.36 (KHTML, like Gecko) Chrome/135.0.0.0 Safari/537.36"
90.131.35.51 - - [01/May/2025:23:52:24 +0300] "GET /admin/login/?next=/admin/ HTTP/1.1" 200 2125 "-" "Mozilla/5.0 (Windows NT 10.0; Win64; x64) AppleWebKit/537.36 (KHTML, like Gecko) Chrome/135.0.0.0 Safari/537.36"
90.131.35.51 - - [01/May/2025:23:52:30 +0300] "POST /admin/login/?next=/admin/ HTTP/1.1" 302 757 "http://193.219.91.103:12802/admin/login/?next=/admin/" "Mozilla/5.0 (Windows NT 10.0; Win64; x64) AppleWebKit/537.36 (KHTML, like Gecko) Chrome/135.0.0.0 Safari/537.36"
90.131.35.51 - - [01/May/2025:23:52:33 +0300] "GET /admin/ HTTP/1.1" 200 2594 "http://193.219.91.103:12802/admin/login/?next=/admin/" "Mozilla/5.0 (Windows NT 10.0; Win64; x64) AppleWebKit/537.36 (KHTML, like Gecko) Chrome/135.0.0.0 Safari/537.36"
90.131.35.51 - - [01/May/2025:23:52:33 +0300] "GET /static/admin/img/icon-deletelink.svg HTTP/1.1" 200 680 "http://193.219.91.103:12802/static/admin/css/base.css" "Mozilla/5.0 (Windows NT 10.0; Win64; x64) AppleWebKit/537.36 (KHTML, like Gecko) Chrome/135.0.0.0 Safari/537.36"
90.131.35.51 - - [01/May/2025:23:52:48 +0300] "GET /admin/auth/user/ HTTP/1.1" 200 4001 "http://193.219.91.103:12802/admin/" "Mozilla/5.0 (Windows NT 10.0; Win64; x64) AppleWebKit/537.36 (KHTML, like Gecko) Chrome/135.0.0.0 Safari/537.36"
90.131.35.51 - - [01/May/2025:23:52:48 +0300] "GET /admin/jsi18n/ HTTP/1.1" 200 1383 "http://193.219.91.103:12802/admin/auth/user/" "Mozilla/5.0 (Windows NT 10.0; Win64; x64) AppleWebKit/537.36 (KHTML, like Gecko) Chrome/135.0.0.0 Safari/537.36"
90.131.35.51 - - [01/May/2025:23:52:51 +0300] "GET /admin/auth/user/12/change/ HTTP/1.1" 200 4938 "http://193.219.91.103:12802/admin/auth/user/" "Mozilla/5.0 (Windows NT 10.0; Win64; x64) AppleWebKit/537.36 (KHTML, like Gecko) Chrome/135.0.0.0 Safari/537.36"
90.131.35.51 - - [01/May/2025:23:52:51 +0300] "GET /admin/jsi18n/ HTTP/1.1" 200 1383 "http://193.219.91.103:12802/admin/auth/user/12/change/" "Mozilla/5.0 (Windows NT 10.0; Win64; x64) AppleWebKit/537.36 (KHTML, like Gecko) Chrome/135.0.0.0 Safari/537.36"
31.183.130.165 - - [01/May/2025:23:53:01 +0300] "-" 408 0 "-" "-"
31.183.130.165 - - [01/May/2025:23:53:17 +0300] "POST /records/add/ HTTP/1.1" 302 555 "http://193.219.91.103:12802/records/add/" "Mozilla/5.0 (Windows NT 10.0; Win64; x64) AppleWebKit/537.36 (KHTML, like Gecko) Chrome/133.0.0.0 Safari/537.36 OPR/118.0.0.0"
31.183.130.165 - - [01/May/2025:23:53:17 +0300] "GET /dashboard/ HTTP/1.1" 200 2626 "http://193.219.91.103:12802/records/add/" "Mozilla/5.0 (Windows NT 10.0; Win64; x64) AppleWebKit/537.36 (KHTML, like Gecko) Chrome/133.0.0.0 Safari/537.36 OPR/118.0.0.0"
31.183.130.165 - - [01/May/2025:23:53:29 +0300] "GET /records/add/ HTTP/1.1" 200 1149 "http://193.219.91.103:12802/dashboard/" "Mozilla/5.0 (Windows NT 10.0; Win64; x64) AppleWebKit/537.36 (KHTML, like Gecko) Chrome/133.0.0.0 Safari/537.36 OPR/118.0.0.0"
31.183.130.165 - - [01/May/2025:23:53:35 +0300] "POST /records/add/ HTTP/1.1" 302 555 "http://193.219.91.103:12802/records/add/" "Mozilla/5.0 (Windows NT 10.0; Win64; x64) AppleWebKit/537.36 (KHTML, like Gecko) Chrome/133.0.0.0 Safari/537.36 OPR/118.0.0.0"
31.183.130.165 - - [01/May/2025:23:53:35 +0300] "GET /dashboard/ HTTP/1.1" 200 2644 "http://193.219.91.103:12802/records/add/" "Mozilla/5.0 (Windows NT 10.0; Win64; x64) AppleWebKit/537.36 (KHTML, like Gecko) Chrome/133.0.0.0 Safari/537.36 OPR/118.0.0.0"
31.183.130.165 - - [01/May/2025:23:53:59 +0300] "GET /records/add/ HTTP/1.1" 200 1147 "http://193.219.91.103:12802/dashboard/" "Mozilla/5.0 (Windows NT 10.0; Win64; x64) AppleWebKit/537.36 (KHTML, like Gecko) Chrome/133.0.0.0 Safari/537.36 OPR/118.0.0.0"
31.183.130.165 - - [01/May/2025:23:54:12 +0300] "POST /records/add/ HTTP/1.1" 302 555 "http://193.219.91.103:12802/records/add/" "Mozilla/5.0 (Windows NT 10.0; Win64; x64) AppleWebKit/537.36 (KHTML, like Gecko) Chrome/133.0.0.0 Safari/537.36 OPR/118.0.0.0"
31.183.130.165 - - [01/May/2025:23:54:12 +0300] "GET /dashboard/ HTTP/1.1" 200 2666 "http://193.219.91.103:12802/records/add/" "Mozilla/5.0 (Windows NT 10.0; Win64; x64) AppleWebKit/537.36 (KHTML, like Gecko) Chrome/133.0.0.0 Safari/537.36 OPR/118.0.0.0"
90.131.35.51 - - [01/May/2025:23:54:50 +0300] "GET /admin/auth/user/12/password/ HTTP/1.1" 200 3347 "http://193.219.91.103:12802/admin/auth/user/12/change/" "Mozilla/5.0 (Windows NT 10.0; Win64; x64) AppleWebKit/537.36 (KHTML, like Gecko) Chrome/135.0.0.0 Safari/537.36"
90.131.35.51 - - [01/May/2025:23:54:50 +0300] "GET /static/admin/css/unusable_password_field.css HTTP/1.1" 200 563 "http://193.219.91.103:12802/admin/auth/user/12/password/" "Mozilla/5.0 (Windows NT 10.0; Win64; x64) AppleWebKit/537.36 (KHTML, like Gecko) Chrome/135.0.0.0 Safari/537.36"
90.131.35.51 - - [01/May/2025:23:54:50 +0300] "GET /static/admin/js/unusable_password_field.js HTTP/1.1" 200 922 "http://193.219.91.103:12802/admin/auth/user/12/password/" "Mozilla/5.0 (Windows NT 10.0; Win64; x64) AppleWebKit/537.36 (KHTML, like Gecko) Chrome/135.0.0.0 Safari/537.36"
90.131.35.51 - - [01/May/2025:23:55:01 +0300] "POST /admin/auth/user/12/password/ HTTP/1.1" 200 3433 "http://193.219.91.103:12802/admin/auth/user/12/password/" "Mozilla/5.0 (Windows NT 10.0; Win64; x64) AppleWebKit/537.36 (KHTML, like Gecko) Chrome/135.0.0.0 Safari/537.36"
31.183.130.165 - - [01/May/2025:23:55:03 +0300] "-" 408 0 "-" "-"
90.131.35.51 - - [01/May/2025:23:55:16 +0300] "POST /admin/auth/user/12/password/ HTTP/1.1" 302 830 "http://193.219.91.103:12802/admin/auth/user/12/password/" "Mozilla/5.0 (Windows NT 10.0; Win64; x64) AppleWebKit/537.36 (KHTML, like Gecko) Chrome/135.0.0.0 Safari/537.36"
90.131.35.51 - - [01/May/2025:23:55:18 +0300] "GET /admin/auth/user/12/change/ HTTP/1.1" 200 5073 "http://193.219.91.103:12802/admin/auth/user/12/password/" "Mozilla/5.0 (Windows NT 10.0; Win64; x64) AppleWebKit/537.36 (KHTML, like Gecko) Chrome/135.0.0.0 Safari/537.36"
90.131.35.51 - - [01/May/2025:23:55:18 +0300] "GET /admin/jsi18n/ HTTP/1.1" 200 1383 "http://193.219.91.103:12802/admin/auth/user/12/change/" "Mozilla/5.0 (Windows NT 10.0; Win64; x64) AppleWebKit/537.36 (KHTML, like Gecko) Chrome/135.0.0.0 Safari/537.36"
90.131.35.51 - - [01/May/2025:23:55:38 +0300] "GET / HTTP/1.1" 200 877 "-" "Mozilla/5.0 (Windows NT 10.0; Win64; x64) AppleWebKit/537.36 (KHTML, like Gecko) Chrome/135.0.0.0 Safari/537.36"
90.131.35.51 - - [01/May/2025:23:55:41 +0300] "GET /login/ HTTP/1.1" 200 963 "http://193.219.91.103:12802/" "Mozilla/5.0 (Windows NT 10.0; Win64; x64) AppleWebKit/537.36 (KHTML, like Gecko) Chrome/135.0.0.0 Safari/537.36"
90.131.35.51 - - [01/May/2025:23:55:52 +0300] "POST /login/ HTTP/1.1" 302 827 "http://193.219.91.103:12802/login/" "Mozilla/5.0 (Windows NT 10.0; Win64; x64) AppleWebKit/537.36 (KHTML, like Gecko) Chrome/135.0.0.0 Safari/537.36"
90.131.35.51 - - [01/May/2025:23:55:54 +0300] "GET /dashboard/ HTTP/1.1" 200 2666 "http://193.219.91.103:12802/login/" "Mozilla/5.0 (Windows NT 10.0; Win64; x64) AppleWebKit/537.36 (KHTML, like Gecko) Chrome/135.0.0.0 Safari/537.36"
90.131.35.51 - - [01/May/2025:23:56:16 +0300] "GET /records/add/ HTTP/1.1" 200 1147 "http://193.219.91.103:12802/dashboard/" "Mozilla/5.0 (Windows NT 10.0; Win64; x64) AppleWebKit/537.36 (KHTML, like Gecko) Chrome/135.0.0.0 Safari/537.36"
90.131.35.51 - - [01/May/2025:23:57:08 +0300] "-" 408 0 "-" "-"
31.183.130.165 - - [01/May/2025:23:57:09 +0300] "GET /records/add/ HTTP/1.1" 302 492 "http://193.219.91.103:12802/dashboard/" "Mozilla/5.0 (Windows NT 10.0; Win64; x64) AppleWebKit/537.36 (KHTML, like Gecko) Chrome/133.0.0.0 Safari/537.36 OPR/118.0.0.0"
31.183.130.165 - - [01/May/2025:23:57:09 +0300] "GET /accounts/login/?next=/records/add/ HTTP/1.1" 404 3862 "http://193.219.91.103:12802/dashboard/" "Mozilla/5.0 (Windows NT 10.0; Win64; x64) AppleWebKit/537.36 (KHTML, like Gecko) Chrome/133.0.0.0 Safari/537.36 OPR/118.0.0.0"
31.183.130.165 - - [01/May/2025:23:57:14 +0300] "GET /records/add/ HTTP/1.1" 302 393 "http://193.219.91.103:12802/dashboard/" "Mozilla/5.0 (Windows NT 10.0; Win64; x64) AppleWebKit/537.36 (KHTML, like Gecko) Chrome/133.0.0.0 Safari/537.36 OPR/118.0.0.0"
31.183.130.165 - - [01/May/2025:23:57:14 +0300] "GET /accounts/login/?next=/records/add/ HTTP/1.1" 404 3862 "http://193.219.91.103:12802/dashboard/" "Mozilla/5.0 (Windows NT 10.0; Win64; x64) AppleWebKit/537.36 (KHTML, like Gecko) Chrome/133.0.0.0 Safari/537.36 OPR/118.0.0.0"
31.183.130.165 - - [01/May/2025:23:57:21 +0300] "GET / HTTP/1.1" 200 877 "-" "Mozilla/5.0 (Windows NT 10.0; Win64; x64) AppleWebKit/537.36 (KHTML, like Gecko) Chrome/133.0.0.0 Safari/537.36 OPR/118.0.0.0"
31.183.130.165 - - [01/May/2025:23:57:23 +0300] "GET /login/ HTTP/1.1" 200 960 "http://193.219.91.103:12802/" "Mozilla/5.0 (Windows NT 10.0; Win64; x64) AppleWebKit/537.36 (KHTML, like Gecko) Chrome/133.0.0.0 Safari/537.36 OPR/118.0.0.0"
31.183.130.165 - - [01/May/2025:23:57:27 +0300] "POST /login/ HTTP/1.1" 302 501 "http://193.219.91.103:12802/login/" "Mozilla/5.0 (Windows NT 10.0; Win64; x64) AppleWebKit/537.36 (KHTML, like Gecko) Chrome/133.0.0.0 Safari/537.36 OPR/118.0.0.0"
31.183.130.165 - - [01/May/2025:23:57:35 +0300] "GET /login/ HTTP/1.1" 200 1109 "http://193.219.91.103:12802/login/" "Mozilla/5.0 (Windows NT 10.0; Win64; x64) AppleWebKit/537.36 (KHTML, like Gecko) Chrome/133.0.0.0 Safari/537.36 OPR/118.0.0.0"
90.131.35.51 - - [01/May/2025:23:57:36 +0300] "GET /records/add/ HTTP/1.1" 200 1144 "http://193.219.91.103:12802/dashboard/" "Mozilla/5.0 (Windows NT 10.0; Win64; x64) AppleWebKit/537.36 (KHTML, like Gecko) Chrome/135.0.0.0 Safari/537.36"
90.131.35.51 - - [01/May/2025:23:57:40 +0300] "GET /records/add/ HTTP/1.1" 200 1145 "http://193.219.91.103:12802/dashboard/" "Mozilla/5.0 (Windows NT 10.0; Win64; x64) AppleWebKit/537.36 (KHTML, like Gecko) Chrome/135.0.0.0 Safari/537.36"
31.183.130.165 - - [01/May/2025:23:57:40 +0300] "POST /login/ HTTP/1.1" 302 537 "http://193.219.91.103:12802/login/" "Mozilla/5.0 (Windows NT 10.0; Win64; x64) AppleWebKit/537.36 (KHTML, like Gecko) Chrome/133.0.0.0 Safari/537.36 OPR/118.0.0.0"
31.183.130.165 - - [01/May/2025:23:57:42 +0300] "GET /login/ HTTP/1.1" 200 1108 "http://193.219.91.103:12802/login/" "Mozilla/5.0 (Windows NT 10.0; Win64; x64) AppleWebKit/537.36 (KHTML, like Gecko) Chrome/133.0.0.0 Safari/537.36 OPR/118.0.0.0"
90.131.35.51 - - [01/May/2025:23:57:42 +0300] "GET /records/add/ HTTP/1.1" 200 1142 "http://193.219.91.103:12802/dashboard/" "Mozilla/5.0 (Windows NT 10.0; Win64; x64) AppleWebKit/537.36 (KHTML, like Gecko) Chrome/135.0.0.0 Safari/537.36"
31.183.130.165 - - [01/May/2025:23:57:58 +0300] "POST /login/ HTTP/1.1" 302 538 "http://193.219.91.103:12802/login/" "Mozilla/5.0 (Windows NT 10.0; Win64; x64) AppleWebKit/537.36 (KHTML, like Gecko) Chrome/133.0.0.0 Safari/537.36 OPR/118.0.0.0"
31.183.130.165 - - [01/May/2025:23:58:00 +0300] "GET /login/ HTTP/1.1" 200 1109 "http://193.219.91.103:12802/login/" "Mozilla/5.0 (Windows NT 10.0; Win64; x64) AppleWebKit/537.36 (KHTML, like Gecko) Chrome/133.0.0.0 Safari/537.36 OPR/118.0.0.0"
90.131.35.51 - - [01/May/2025:23:58:26 +0300] "GET /records/add/ HTTP/1.1" 200 1179 "http://193.219.91.103:12802/dashboard/" "Mozilla/5.0 (Windows NT 10.0; Win64; x64) AppleWebKit/537.36 (KHTML, like Gecko) Chrome/135.0.0.0 Safari/537.36"
31.183.130.165 - - [01/May/2025:23:58:39 +0300] "POST /login/ HTTP/1.1" 302 538 "http://193.219.91.103:12802/login/" "Mozilla/5.0 (Windows NT 10.0; Win64; x64) AppleWebKit/537.36 (KHTML, like Gecko) Chrome/133.0.0.0 Safari/537.36 OPR/118.0.0.0"
31.183.130.165 - - [01/May/2025:23:58:59 +0300] "POST /login/ HTTP/1.1" 302 538 "http://193.219.91.103:12802/login/" "Mozilla/5.0 (Windows NT 10.0; Win64; x64) AppleWebKit/537.36 (KHTML, like Gecko) Chrome/133.0.0.0 Safari/537.36 OPR/118.0.0.0"
31.183.130.165 - - [01/May/2025:23:59:01 +0300] "GET /login/ HTTP/1.1" 200 1110 "http://193.219.91.103:12802/login/" "Mozilla/5.0 (Windows NT 10.0; Win64; x64) AppleWebKit/537.36 (KHTML, like Gecko) Chrome/133.0.0.0 Safari/537.36 OPR/118.0.0.0"
31.183.130.165 - - [01/May/2025:23:59:08 +0300] "POST /login/ HTTP/1.1" 302 538 "http://193.219.91.103:12802/login/" "Mozilla/5.0 (Windows NT 10.0; Win64; x64) AppleWebKit/537.36 (KHTML, like Gecko) Chrome/133.0.0.0 Safari/537.36 OPR/118.0.0.0"
31.183.130.165 - - [01/May/2025:23:59:10 +0300] "GET /login/ HTTP/1.1" 200 1107 "http://193.219.91.103:12802/login/" "Mozilla/5.0 (Windows NT 10.0; Win64; x64) AppleWebKit/537.36 (KHTML, like Gecko) Chrome/133.0.0.0 Safari/537.36 OPR/118.0.0.0"
90.131.35.51 - - [01/May/2025:23:59:18 +0300] "-" 408 0 "-" "-"
31.183.130.165 - - [01/May/2025:23:59:24 +0300] "POST /login/ HTTP/1.1" 302 538 "http://193.219.91.103:12802/login/" "Mozilla/5.0 (Windows NT 10.0; Win64; x64) AppleWebKit/537.36 (KHTML, like Gecko) Chrome/133.0.0.0 Safari/537.36 OPR/118.0.0.0"
31.183.130.165 - - [01/May/2025:23:59:26 +0300] "GET /login/ HTTP/1.1" 200 1109 "http://193.219.91.103:12802/login/" "Mozilla/5.0 (Windows NT 10.0; Win64; x64) AppleWebKit/537.36 (KHTML, like Gecko) Chrome/133.0.0.0 Safari/537.36 OPR/118.0.0.0"
90.131.35.51 - - [01/May/2025:23:59:36 +0300] "GET /dashboard/ HTTP/1.1" 200 2523 "http://193.219.91.103:12802/records/add/" "Mozilla/5.0 (Windows NT 10.0; Win64; x64) AppleWebKit/537.36 (KHTML, like Gecko) Chrome/135.0.0.0 Safari/537.36"
90.131.35.51 - - [01/May/2025:23:59:41 +0300] "GET / HTTP/1.1" 200 877 "-" "Mozilla/5.0 (Windows NT 10.0; Win64; x64) AppleWebKit/537.36 (KHTML, like Gecko) Chrome/135.0.0.0 Safari/537.36"
90.131.35.51 - - [01/May/2025:23:59:48 +0300] "GET /login/ HTTP/1.1" 200 962 "http://193.219.91.103:12802/" "Mozilla/5.0 (Windows NT 10.0; Win64; x64) AppleWebKit/537.36 (KHTML, like Gecko) Chrome/135.0.0.0 Safari/537.36"
31.183.130.165 - - [01/May/2025:23:59:52 +0300] "POST /login/ HTTP/1.1" 302 538 "http://193.219.91.103:12802/login/" "Mozilla/5.0 (Windows NT 10.0; Win64; x64) AppleWebKit/537.36 (KHTML, like Gecko) Chrome/133.0.0.0 Safari/537.36 OPR/118.0.0.0"
31.183.130.165 - - [01/May/2025:23:59:54 +0300] "GET /login/ HTTP/1.1" 200 1108 "http://193.219.91.103:12802/login/" "Mozilla/5.0 (Windows NT 10.0; Win64; x64) AppleWebKit/537.36 (KHTML, like Gecko) Chrome/133.0.0.0 Safari/537.36 OPR/118.0.0.0"
90.131.35.51 - - [02/May/2025:00:00:04 +0300] "POST /login/ HTTP/1.1" 302 827 "http://193.219.91.103:12802/login/" "Mozilla/5.0 (Windows NT 10.0; Win64; x64) AppleWebKit/537.36 (KHTML, like Gecko) Chrome/135.0.0.0 Safari/537.36"
90.131.35.51 - - [02/May/2025:00:00:07 +0300] "GET /dashboard/ HTTP/1.1" 200 2666 "http://193.219.91.103:12802/login/" "Mozilla/5.0 (Windows NT 10.0; Win64; x64) AppleWebKit/537.36 (KHTML, like Gecko) Chrome/135.0.0.0 Safari/537.36"
31.183.130.165 - - [02/May/2025:00:00:28 +0300] "POST /login/ HTTP/1.1" 302 538 "http://193.219.91.103:12802/login/" "Mozilla/5.0 (Windows NT 10.0; Win64; x64) AppleWebKit/537.36 (KHTML, like Gecko) Chrome/133.0.0.0 Safari/537.36 OPR/118.0.0.0"
31.183.130.165 - - [02/May/2025:00:00:30 +0300] "GET /login/ HTTP/1.1" 200 1107 "http://193.219.91.103:12802/login/" "Mozilla/5.0 (Windows NT 10.0; Win64; x64) AppleWebKit/537.36 (KHTML, like Gecko) Chrome/133.0.0.0 Safari/537.36 OPR/118.0.0.0"
31.183.130.165 - - [02/May/2025:00:00:33 +0300] "GET /login/ HTTP/1.1" 200 964 "http://193.219.91.103:12802/login/" "Mozilla/5.0 (Windows NT 10.0; Win64; x64) AppleWebKit/537.36 (KHTML, like Gecko) Chrome/133.0.0.0 Safari/537.36 OPR/118.0.0.0"
31.183.130.165 - - [02/May/2025:00:00:36 +0300] "POST /login/ HTTP/1.1" 302 537 "http://193.219.91.103:12802/login/" "Mozilla/5.0 (Windows NT 10.0; Win64; x64) AppleWebKit/537.36 (KHTML, like Gecko) Chrome/133.0.0.0 Safari/537.36 OPR/118.0.0.0"
31.183.130.165 - - [02/May/2025:00:00:38 +0300] "GET /login/ HTTP/1.1" 200 1106 "http://193.219.91.103:12802/login/" "Mozilla/5.0 (Windows NT 10.0; Win64; x64) AppleWebKit/537.36 (KHTML, like Gecko) Chrome/133.0.0.0 Safari/537.36 OPR/118.0.0.0"
31.183.130.165 - - [02/May/2025:00:00:42 +0300] "GET /signup/ HTTP/1.1" 200 1006 "http://193.219.91.103:12802/login/" "Mozilla/5.0 (Windows NT 10.0; Win64; x64) AppleWebKit/537.36 (KHTML, like Gecko) Chrome/133.0.0.0 Safari/537.36 OPR/118.0.0.0"
31.183.130.165 - - [02/May/2025:00:00:45 +0300] "GET /login/ HTTP/1.1" 200 961 "http://193.219.91.103:12802/signup/" "Mozilla/5.0 (Windows NT 10.0; Win64; x64) AppleWebKit/537.36 (KHTML, like Gecko) Chrome/133.0.0.0 Safari/537.36 OPR/118.0.0.0"
31.183.130.165 - - [02/May/2025:00:00:51 +0300] "GET /signup/ HTTP/1.1" 200 1007 "http://193.219.91.103:12802/login/" "Mozilla/5.0 (Windows NT 10.0; Win64; x64) AppleWebKit/537.36 (KHTML, like Gecko) Chrome/133.0.0.0 Safari/537.36 OPR/118.0.0.0"
90.131.35.51 - - [02/May/2025:00:00:52 +0300] "-" 408 0 "-" "-"
31.183.130.165 - - [02/May/2025:00:00:56 +0300] "POST /signup/ HTTP/1.1" 302 533 "http://193.219.91.103:12802/signup/" "Mozilla/5.0 (Windows NT 10.0; Win64; x64) AppleWebKit/537.36 (KHTML, like Gecko) Chrome/133.0.0.0 Safari/537.36 OPR/118.0.0.0"
31.183.130.165 - - [02/May/2025:00:00:57 +0300] "GET /signup/ HTTP/1.1" 200 1155 "http://193.219.91.103:12802/signup/" "Mozilla/5.0 (Windows NT 10.0; Win64; x64) AppleWebKit/537.36 (KHTML, like Gecko) Chrome/133.0.0.0 Safari/537.36 OPR/118.0.0.0"
31.183.130.165 - - [02/May/2025:00:00:59 +0300] "GET /login/ HTTP/1.1" 200 957 "http://193.219.91.103:12802/signup/" "Mozilla/5.0 (Windows NT 10.0; Win64; x64) AppleWebKit/537.36 (KHTML, like Gecko) Chrome/133.0.0.0 Safari/537.36 OPR/118.0.0.0"
31.183.130.165 - - [02/May/2025:00:01:06 +0300] "POST /login/ HTTP/1.1" 302 538 "http://193.219.91.103:12802/login/" "Mozilla/5.0 (Windows NT 10.0; Win64; x64) AppleWebKit/537.36 (KHTML, like Gecko) Chrome/133.0.0.0 Safari/537.36 OPR/118.0.0.0"
31.183.130.165 - - [02/May/2025:00:01:08 +0300] "GET /login/ HTTP/1.1" 200 1107 "http://193.219.91.103:12802/login/" "Mozilla/5.0 (Windows NT 10.0; Win64; x64) AppleWebKit/537.36 (KHTML, like Gecko) Chrome/133.0.0.0 Safari/537.36 OPR/118.0.0.0"
31.183.130.165 - - [02/May/2025:00:01:16 +0300] "POST /login/ HTTP/1.1" 302 538 "http://193.219.91.103:12802/login/" "Mozilla/5.0 (Windows NT 10.0; Win64; x64) AppleWebKit/537.36 (KHTML, like Gecko) Chrome/133.0.0.0 Safari/537.36 OPR/118.0.0.0"
31.183.130.165 - - [02/May/2025:00:01:18 +0300] "GET /login/ HTTP/1.1" 200 1108 "http://193.219.91.103:12802/login/" "Mozilla/5.0 (Windows NT 10.0; Win64; x64) AppleWebKit/537.36 (KHTML, like Gecko) Chrome/133.0.0.0 Safari/537.36 OPR/118.0.0.0"
90.131.35.51 - - [02/May/2025:00:01:19 +0300] "GET / HTTP/1.1" 200 877 "-" "Mozilla/5.0 (Windows NT 10.0; Win64; x64) AppleWebKit/537.36 (KHTML, like Gecko) Chrome/135.0.0.0 Safari/537.36"
90.131.35.51 - - [02/May/2025:00:01:24 +0300] "GET /admin/ HTTP/1.1" 302 496 "-" "Mozilla/5.0 (Windows NT 10.0; Win64; x64) AppleWebKit/537.36 (KHTML, like Gecko) Chrome/135.0.0.0 Safari/537.36"
90.131.35.51 - - [02/May/2025:00:01:24 +0300] "GET /admin/login/?next=/admin/ HTTP/1.1" 200 2129 "-" "Mozilla/5.0 (Windows NT 10.0; Win64; x64) AppleWebKit/537.36 (KHTML, like Gecko) Chrome/135.0.0.0 Safari/537.36"
90.131.35.51 - - [02/May/2025:00:01:34 +0300] "POST /admin/login/?next=/admin/ HTTP/1.1" 302 757 "http://193.219.91.103:12802/admin/login/?next=/admin/" "Mozilla/5.0 (Windows NT 10.0; Win64; x64) AppleWebKit/537.36 (KHTML, like Gecko) Chrome/135.0.0.0 Safari/537.36"
90.131.35.51 - - [02/May/2025:00:01:36 +0300] "POST /admin/login/?next=/admin/ HTTP/1.1" 302 757 "http://193.219.91.103:12802/admin/login/?next=/admin/" "Mozilla/5.0 (Windows NT 10.0; Win64; x64) AppleWebKit/537.36 (KHTML, like Gecko) Chrome/135.0.0.0 Safari/537.36"
90.131.35.51 - - [02/May/2025:00:01:38 +0300] "GET /admin/ HTTP/1.1" 200 2613 "http://193.219.91.103:12802/admin/login/?next=/admin/" "Mozilla/5.0 (Windows NT 10.0; Win64; x64) AppleWebKit/537.36 (KHTML, like Gecko) Chrome/135.0.0.0 Safari/537.36"
90.131.35.51 - - [02/May/2025:00:01:47 +0300] "GET /admin/auth/user/12/change/ HTTP/1.1" 200 4941 "http://193.219.91.103:12802/admin/" "Mozilla/5.0 (Windows NT 10.0; Win64; x64) AppleWebKit/537.36 (KHTML, like Gecko) Chrome/135.0.0.0 Safari/537.36"
90.131.35.51 - - [02/May/2025:00:01:48 +0300] "GET /admin/jsi18n/ HTTP/1.1" 200 1383 "http://193.219.91.103:12802/admin/auth/user/12/change/" "Mozilla/5.0 (Windows NT 10.0; Win64; x64) AppleWebKit/537.36 (KHTML, like Gecko) Chrome/135.0.0.0 Safari/537.36"
90.131.35.51 - - [02/May/2025:00:01:50 +0300] "GET /admin/auth/user/12/password/ HTTP/1.1" 200 3342 "http://193.219.91.103:12802/admin/auth/user/12/change/" "Mozilla/5.0 (Windows NT 10.0; Win64; x64) AppleWebKit/537.36 (KHTML, like Gecko) Chrome/135.0.0.0 Safari/537.36"
90.131.35.51 - - [02/May/2025:00:02:06 +0300] "POST /admin/auth/user/12/password/ HTTP/1.1" 302 830 "http://193.219.91.103:12802/admin/auth/user/12/password/" "Mozilla/5.0 (Windows NT 10.0; Win64; x64) AppleWebKit/537.36 (KHTML, like Gecko) Chrome/135.0.0.0 Safari/537.36"
90.131.35.51 - - [02/May/2025:00:02:08 +0300] "GET /admin/auth/user/12/change/ HTTP/1.1" 200 5072 "http://193.219.91.103:12802/admin/auth/user/12/password/" "Mozilla/5.0 (Windows NT 10.0; Win64; x64) AppleWebKit/537.36 (KHTML, like Gecko) Chrome/135.0.0.0 Safari/537.36"
90.131.35.51 - - [02/May/2025:00:02:08 +0300] "GET /admin/jsi18n/ HTTP/1.1" 200 1383 "http://193.219.91.103:12802/admin/auth/user/12/change/" "Mozilla/5.0 (Windows NT 10.0; Win64; x64) AppleWebKit/537.36 (KHTML, like Gecko) Chrome/135.0.0.0 Safari/537.36"
90.131.35.51 - - [02/May/2025:00:02:57 +0300] "-" 408 0 "-" "-"
31.183.130.165 - - [02/May/2025:00:03:16 +0300] "POST /login/ HTTP/1.1" 302 827 "http://193.219.91.103:12802/login/" "Mozilla/5.0 (Windows NT 10.0; Win64; x64) AppleWebKit/537.36 (KHTML, like Gecko) Chrome/133.0.0.0 Safari/537.36 OPR/118.0.0.0"
31.183.130.165 - - [02/May/2025:00:03:19 +0300] "GET /dashboard/ HTTP/1.1" 200 2666 "http://193.219.91.103:12802/login/" "Mozilla/5.0 (Windows NT 10.0; Win64; x64) AppleWebKit/537.36 (KHTML, like Gecko) Chrome/133.0.0.0 Safari/537.36 OPR/118.0.0.0"
31.183.130.165 - - [02/May/2025:00:03:31 +0300] "GET /records/add/ HTTP/1.1" 200 1184 "http://193.219.91.103:12802/dashboard/" "Mozilla/5.0 (Windows NT 10.0; Win64; x64) AppleWebKit/537.36 (KHTML, like Gecko) Chrome/133.0.0.0 Safari/537.36 OPR/118.0.0.0"
31.183.130.165 - - [02/May/2025:00:03:37 +0300] "POST /records/add/ HTTP/1.1" 302 555 "http://193.219.91.103:12802/records/add/" "Mozilla/5.0 (Windows NT 10.0; Win64; x64) AppleWebKit/537.36 (KHTML, like Gecko) Chrome/133.0.0.0 Safari/537.36 OPR/118.0.0.0"
31.183.130.165 - - [02/May/2025:00:03:37 +0300] "GET /dashboard/ HTTP/1.1" 200 2758 "http://193.219.91.103:12802/records/add/" "Mozilla/5.0 (Windows NT 10.0; Win64; x64) AppleWebKit/537.36 (KHTML, like Gecko) Chrome/133.0.0.0 Safari/537.36 OPR/118.0.0.0"
31.183.130.165 - - [02/May/2025:00:03:51 +0300] "GET /records/add/ HTTP/1.1" 200 1180 "http://193.219.91.103:12802/dashboard/" "Mozilla/5.0 (Windows NT 10.0; Win64; x64) AppleWebKit/537.36 (KHTML, like Gecko) Chrome/133.0.0.0 Safari/537.36 OPR/118.0.0.0"
31.183.130.165 - - [02/May/2025:00:04:13 +0300] "POST /records/add/ HTTP/1.1" 302 555 "http://193.219.91.103:12802/records/add/" "Mozilla/5.0 (Windows NT 10.0; Win64; x64) AppleWebKit/537.36 (KHTML, like Gecko) Chrome/133.0.0.0 Safari/537.36 OPR/118.0.0.0"
31.183.130.165 - - [02/May/2025:00:04:13 +0300] "GET /dashboard/ HTTP/1.1" 200 2785 "http://193.219.91.103:12802/records/add/" "Mozilla/5.0 (Windows NT 10.0; Win64; x64) AppleWebKit/537.36 (KHTML, like Gecko) Chrome/133.0.0.0 Safari/537.36 OPR/118.0.0.0"
90.131.35.51 - - [02/May/2025:00:04:34 +0300] "GET / HTTP/1.1" 200 877 "-" "Mozilla/5.0 (Windows NT 10.0; Win64; x64) AppleWebKit/537.36 (KHTML, like Gecko) Chrome/135.0.0.0 Safari/537.36"
31.183.130.165 - - [02/May/2025:00:05:05 +0300] "-" 408 0 "-" "-"
31.183.130.165 - - [02/May/2025:00:08:03 +0300] "GET /records/add/ HTTP/1.1" 200 1181 "http://193.219.91.103:12802/dashboard/" "Mozilla/5.0 (Windows NT 10.0; Win64; x64) AppleWebKit/537.36 (KHTML, like Gecko) Chrome/133.0.0.0 Safari/537.36 OPR/118.0.0.0"
31.183.130.165 - - [02/May/2025:00:08:15 +0300] "POST /records/add/ HTTP/1.1" 302 555 "http://193.219.91.103:12802/records/add/" "Mozilla/5.0 (Windows NT 10.0; Win64; x64) AppleWebKit/537.36 (KHTML, like Gecko) Chrome/133.0.0.0 Safari/537.36 OPR/118.0.0.0"
31.183.130.165 - - [02/May/2025:00:08:15 +0300] "GET /dashboard/ HTTP/1.1" 200 2805 "http://193.219.91.103:12802/records/add/" "Mozilla/5.0 (Windows NT 10.0; Win64; x64) AppleWebKit/537.36 (KHTML, like Gecko) Chrome/133.0.0.0 Safari/537.36 OPR/118.0.0.0"
31.183.130.165 - - [02/May/2025:00:09:07 +0300] "-" 408 0 "-" "-"
31.183.130.165 - - [02/May/2025:00:12:15 +0300] "GET /records/add/ HTTP/1.1" 200 1182 "http://193.219.91.103:12802/dashboard/" "Mozilla/5.0 (Windows NT 10.0; Win64; x64) AppleWebKit/537.36 (KHTML, like Gecko) Chrome/133.0.0.0 Safari/537.36 OPR/118.0.0.0"
31.183.130.165 - - [02/May/2025:00:12:24 +0300] "POST /records/add/ HTTP/1.1" 302 555 "http://193.219.91.103:12802/records/add/" "Mozilla/5.0 (Windows NT 10.0; Win64; x64) AppleWebKit/537.36 (KHTML, like Gecko) Chrome/133.0.0.0 Safari/537.36 OPR/118.0.0.0"
31.183.130.165 - - [02/May/2025:00:12:24 +0300] "GET /dashboard/ HTTP/1.1" 200 2896 "http://193.219.91.103:12802/records/add/" "Mozilla/5.0 (Windows NT 10.0; Win64; x64) AppleWebKit/537.36 (KHTML, like Gecko) Chrome/133.0.0.0 Safari/537.36 OPR/118.0.0.0"
31.183.130.165 - - [02/May/2025:00:13:15 +0300] "-" 408 0 "-" "-"
31.183.130.165 - - [02/May/2025:00:14:24 +0300] "GET /records/add/ HTTP/1.1" 200 1182 "http://193.219.91.103:12802/dashboard/" "Mozilla/5.0 (Windows NT 10.0; Win64; x64) AppleWebKit/537.36 (KHTML, like Gecko) Chrome/133.0.0.0 Safari/537.36 OPR/118.0.0.0"
31.183.130.165 - - [02/May/2025:00:14:31 +0300] "POST /records/add/ HTTP/1.1" 302 555 "http://193.219.91.103:12802/records/add/" "Mozilla/5.0 (Windows NT 10.0; Win64; x64) AppleWebKit/537.36 (KHTML, like Gecko) Chrome/133.0.0.0 Safari/537.36 OPR/118.0.0.0"
31.183.130.165 - - [02/May/2025:00:14:31 +0300] "GET /dashboard/ HTTP/1.1" 200 2916 "http://193.219.91.103:12802/records/add/" "Mozilla/5.0 (Windows NT 10.0; Win64; x64) AppleWebKit/537.36 (KHTML, like Gecko) Chrome/133.0.0.0 Safari/537.36 OPR/118.0.0.0"
31.183.130.165 - - [02/May/2025:00:14:33 +0300] "GET /records/add/ HTTP/1.1" 200 1181 "http://193.219.91.103:12802/dashboard/" "Mozilla/5.0 (Windows NT 10.0; Win64; x64) AppleWebKit/537.36 (KHTML, like Gecko) Chrome/133.0.0.0 Safari/537.36 OPR/118.0.0.0"
31.183.130.165 - - [02/May/2025:00:14:40 +0300] "POST /records/add/ HTTP/1.1" 302 555 "http://193.219.91.103:12802/records/add/" "Mozilla/5.0 (Windows NT 10.0; Win64; x64) AppleWebKit/537.36 (KHTML, like Gecko) Chrome/133.0.0.0 Safari/537.36 OPR/118.0.0.0"
31.183.130.165 - - [02/May/2025:00:14:40 +0300] "GET /dashboard/ HTTP/1.1" 200 2935 "http://193.219.91.103:12802/records/add/" "Mozilla/5.0 (Windows NT 10.0; Win64; x64) AppleWebKit/537.36 (KHTML, like Gecko) Chrome/133.0.0.0 Safari/537.36 OPR/118.0.0.0"
31.183.130.165 - - [02/May/2025:00:15:31 +0300] "-" 408 0 "-" "-"
31.183.130.165 - - [02/May/2025:00:15:58 +0300] "GET /records/add/ HTTP/1.1" 200 1179 "http://193.219.91.103:12802/dashboard/" "Mozilla/5.0 (Windows NT 10.0; Win64; x64) AppleWebKit/537.36 (KHTML, like Gecko) Chrome/133.0.0.0 Safari/537.36 OPR/118.0.0.0"
31.183.130.165 - - [02/May/2025:00:16:00 +0300] "GET /dashboard/ HTTP/1.1" 200 2791 "http://193.219.91.103:12802/records/add/" "Mozilla/5.0 (Windows NT 10.0; Win64; x64) AppleWebKit/537.36 (KHTML, like Gecko) Chrome/133.0.0.0 Safari/537.36 OPR/118.0.0.0"
31.183.130.165 - - [02/May/2025:00:16:50 +0300] "-" 408 0 "-" "-"
90.131.35.51 - - [02/May/2025:10:59:14 +0300] "GET /favicon.ico HTTP/1.1" 404 3832 "http://193.219.91.103:12802/" "Mozilla/5.0 (Windows NT 10.0; Win64; x64) AppleWebKit/537.36 (KHTML, like Gecko) Chrome/135.0.0.0 Safari/537.36"
193.219.91.104 - - [02/May/2025:11:27:15 +0300] "GET / HTTP/1.0" 400 61105 "-" "-"
193.219.91.104 - - [02/May/2025:11:28:08 +0300] "GET /tasktracker.jsp HTTP/1.1" 404 3807 "-" "Mozilla/5.0 (compatible; Nmap Scripting Engine; https://nmap.org/book/nse.html)"
193.219.91.104 - - [02/May/2025:11:28:08 +0300] "OPTIONS / HTTP/1.1" 200 1110 "-" "Mozilla/5.0 (compatible; Nmap Scripting Engine; https://nmap.org/book/nse.html)"
193.219.91.104 - - [02/May/2025:11:28:08 +0300] "GET /rs-status HTTP/1.1" 404 3789 "-" "Mozilla/5.0 (compatible; Nmap Scripting Engine; https://nmap.org/book/nse.html)"
193.219.91.104 - - [02/May/2025:11:28:09 +0300] "OPTIONS / HTTP/1.1" 200 1110 "-" "Mozilla/5.0 (compatible; Nmap Scripting Engine; https://nmap.org/book/nse.html)"
193.219.91.104 - - [02/May/2025:11:28:09 +0300] "OPTIONS / HTTP/1.1" 200 1110 "-" "Mozilla/5.0 (compatible; Nmap Scripting Engine; https://nmap.org/book/nse.html)"
193.219.91.104 - - [02/May/2025:11:28:09 +0300] "GET /master.jsp HTTP/1.1" 404 3792 "-" "Mozilla/5.0 (compatible; Nmap Scripting Engine; https://nmap.org/book/nse.html)"
193.219.91.104 - - [02/May/2025:11:28:09 +0300] "OPTIONS / HTTP/1.1" 200 1110 "-" "Mozilla/5.0 (compatible; Nmap Scripting Engine; https://nmap.org/book/nse.html)"
193.219.91.104 - - [02/May/2025:11:28:10 +0300] "OPTIONS / HTTP/1.1" 200 1110 "-" "Mozilla/5.0 (compatible; Nmap Scripting Engine; https://nmap.org/book/nse.html)"
193.219.91.104 - - [02/May/2025:11:28:10 +0300] "GET /jobtracker.jsp HTTP/1.1" 404 3804 "-" "Mozilla/5.0 (compatible; Nmap Scripting Engine; https://nmap.org/book/nse.html)"
193.219.91.104 - - [02/May/2025:11:28:10 +0300] "GET /.git/HEAD HTTP/1.1" 404 3789 "-" "Mozilla/5.0 (compatible; Nmap Scripting Engine; https://nmap.org/book/nse.html)"
193.219.91.104 - - [02/May/2025:11:28:10 +0300] "OPTIONS / HTTP/1.1" 200 1110 "-" "Mozilla/5.0 (compatible; Nmap Scripting Engine; https://nmap.org/book/nse.html)"
193.219.91.104 - - [02/May/2025:11:28:10 +0300] "OPTIONS / HTTP/1.1" 200 1110 "-" "Mozilla/5.0 (compatible; Nmap Scripting Engine; https://nmap.org/book/nse.html)"
193.219.91.104 - - [02/May/2025:11:28:10 +0300] "OPTIONS / HTTP/1.1" 200 1110 "-" "Mozilla/5.0 (compatible; Nmap Scripting Engine; https://nmap.org/book/nse.html)"
193.219.91.104 - - [02/May/2025:11:28:11 +0300] "OPTIONS / HTTP/1.1" 200 1110 "-" "Mozilla/5.0 (compatible; Nmap Scripting Engine; https://nmap.org/book/nse.html)"
193.219.91.104 - - [02/May/2025:11:28:13 +0300] "GET /robots.txt HTTP/1.1" 404 3792 "-" "Mozilla/5.0 (compatible; Nmap Scripting Engine; https://nmap.org/book/nse.html)"
193.219.91.104 - - [02/May/2025:11:28:42 +0300] "GET /flumemaster.jsp HTTP/1.1" 404 3807 "-" "Mozilla/5.0 (compatible; Nmap Scripting Engine; https://nmap.org/book/nse.html)"
193.219.91.104 - - [02/May/2025:11:28:44 +0300] "GET /nmaplowercheck1746174488 HTTP/1.1" 404 3834 "-" "Mozilla/5.0 (compatible; Nmap Scripting Engine; https://nmap.org/book/nse.html)"
193.219.91.104 - - [02/May/2025:11:28:44 +0300] "GET /evox/about HTTP/1.1" 404 3792 "-" "Mozilla/5.0 (compatible; Nmap Scripting Engine; https://nmap.org/book/nse.html)"
193.219.91.104 - - [02/May/2025:11:28:45 +0300] "GET /dfshealth.jsp HTTP/1.1" 404 3801 "-" "Mozilla/5.0 (compatible; Nmap Scripting Engine; https://nmap.org/book/nse.html)"
193.219.91.104 - - [02/May/2025:11:28:46 +0300] "GET / HTTP/1.1" 200 1110 "-" "Mozilla/5.0 (compatible; Nmap Scripting Engine; https://nmap.org/book/nse.html)"
193.219.91.104 - - [02/May/2025:11:29:13 +0300] "PROPFIND / HTTP/1.1" 403 3158 "-" "Mozilla/5.0 (compatible; Nmap Scripting Engine; https://nmap.org/book/nse.html)"
193.219.91.104 - - [02/May/2025:11:29:13 +0300] "GET /status.jsp HTTP/1.1" 404 3792 "-" "Mozilla/5.0 (compatible; Nmap Scripting Engine; https://nmap.org/book/nse.html)"
193.219.91.104 - - [02/May/2025:11:29:13 +0300] "PROPFIND / HTTP/1.1" 403 3158 "-" "Mozilla/5.0 (compatible; Nmap Scripting Engine; https://nmap.org/book/nse.html)"
193.219.91.104 - - [02/May/2025:11:29:14 +0300] "POST / HTTP/1.1" 403 3158 "-" "Mozilla/5.0 (compatible; Nmap Scripting Engine; https://nmap.org/book/nse.html)"
193.219.91.104 - - [02/May/2025:11:29:15 +0300] "GET / HTTP/1.1" 200 1110 "-" "Mozilla/5.0 (compatible; Nmap Scripting Engine; https://nmap.org/book/nse.html)"
193.219.91.104 - - [02/May/2025:11:29:15 +0300] "GET /favicon.ico HTTP/1.1" 404 3795 "-" "Mozilla/5.0 (compatible; Nmap Scripting Engine; https://nmap.org/book/nse.html)"
